Строка 3: Ошибка значения: Недопустимый символ: ,
Строка 5: Ошибка значения: Пустая строка.
Строка 6: Ошибка значения: Недопустимый символ: a
